Component: Arm Compiler for Embedded 6.24 Tool: armlink [5f371500]

==============================================================================

Section Cross References

    main.o(payRollSysMain) refers to module1_structgenerator.o(module1Main) for module1_structGenerator
    main.o(payRollSysMain) refers to module2_attendancedata.o(module2Main) for module2_attendanceData
    main.o(payRollSysMain) refers to module3_leavemanagement.o(module3Main) for module3_leaveManagement
    main.o(payRollSysMain) refers to module4_overtimecalculation.o(module4Main) for module4_overtimeCalculation
    main.o(payRollSysMain) refers to module5_allowanceprocessor.o(module5Main) for module5_allowanceProcessor
    main.o(payRollSysMain) refers to module6_taxcomputation.o(module6Main) for module6_taxComputation
    main.o(payRollSysMain) refers to module7_netsalary.o(module7Main) for module7_netSalary
    main.o(payRollSysMain) refers to module8_sortstruct.o(module8Main) for module8_sortStruct
    main.o(payRollSysMain) refers to module9_departmentalsalary.o(module9Main) for module9_departmentalSalary
    main.o(payRollSysMain) refers to module10_bonuscalculator.o(module10Main) for module10_bonusCalculator
    main.o(payRollSysMain) refers to module11_payslip.o(module11Main) for module11_paySlip
    module1_structgenerator.o(module1Main) refers to data.o(payRollSysData) for struct_base
    module2_attendancedata.o(module2Main) refers to data.o(payRollSysData) for attptr_base
    module3_leavemanagement.o(module3Main) refers to data.o(payRollSysData) for struct_base
    module4_overtimecalculation.o(module4Main) refers to data.o(payRollSysData) for struct_base
    module5_allowanceprocessor.o(module5Main) refers to data.o(payRollSysData) for struct_base
    module6_taxcomputation.o(module6Main) refers to data.o(payRollSysData) for struct_base
    module7_netsalary.o(module7Main) refers to data.o(payRollSysData) for struct_base
    module8_sortstruct.o(module8Main) refers to data.o(payRollSysData) for struct_base
    module9_departmentalsalary.o(module9Main) refers to data.o(payRollSysData) for struct_base
    module10_bonuscalculator.o(module10Main) refers to data.o(payRollSysData) for struct_base
    module11_payslip.o(module11Main) refers to data.o(payRollSysData) for struct_num
    startup_armcm4.o(.ARM.exidx.text.Default_Handler) refers to startup_armcm4.o(.text.Default_Handler) for [Anonymous Symbol]
    startup_armcm4.o(.text.Reset_Handler) refers to system_armcm4.o(.text.SystemInit) for SystemInit
    startup_armcm4.o(.text.Reset_Handler) refers to __main.o(!!!main) for __main
    startup_armcm4.o(.ARM.exidx.text.Reset_Handler) refers to startup_armcm4.o(.text.Reset_Handler) for [Anonymous Symbol]
    startup_armcm4.o(.ARM.exidx.text.HardFault_Handler) refers to startup_armcm4.o(.text.HardFault_Handler) for [Anonymous Symbol]
    startup_armcm4.o(RESET) refers to startup_armcm4.o(.text.Reset_Handler) for Reset_Handler
    startup_armcm4.o(RESET) refers to startup_armcm4.o(.text.Default_Handler) for NMI_Handler
    startup_armcm4.o(RESET) refers to startup_armcm4.o(.text.HardFault_Handler) for HardFault_Handler
    system_armcm4.o(.text.SystemCoreClockUpdate) refers to system_armcm4.o(.data.SystemCoreClock) for SystemCoreClock
    system_armcm4.o(.ARM.exidx.text.SystemCoreClockUpdate) refers to system_armcm4.o(.text.SystemCoreClockUpdate) for [Anonymous Symbol]
    system_armcm4.o(.text.SystemInit) refers to startup_armcm4.o(RESET) for __Vectors
    system_armcm4.o(.text.SystemInit) refers to system_armcm4.o(.data.SystemCoreClock) for SystemCoreClock
    system_armcm4.o(.ARM.exidx.text.SystemInit) refers to system_armcm4.o(.text.SystemInit) for [Anonymous Symbol]
    __main.o(!!!main) refers to __rtentry.o(.ARM.Collect$$rtentry$$00000000) for __rt_entry
    __rtentry.o(.ARM.Collect$$rtentry$$00000000) refers (Special) to __rtentry2.o(.ARM.Collect$$rtentry$$0000000A) for __rt_entry_li
    __rtentry.o(.ARM.Collect$$rtentry$$00000000) refers (Special) to __rtentry2.o(.ARM.Collect$$rtentry$$0000000D) for __rt_entry_main
    __rtentry.o(.ARM.Collect$$rtentry$$00000000) refers (Special) to __rtentry2.o(.ARM.Collect$$rtentry$$0000000C) for __rt_entry_postli_1
    __rtentry.o(.ARM.Collect$$rtentry$$00000000) refers (Special) to __rtentry2.o(.ARM.Collect$$rtentry$$00000009) for __rt_entry_postsh_1
    __rtentry.o(.ARM.Collect$$rtentry$$00000000) refers (Special) to __rtentry2.o(.ARM.Collect$$rtentry$$00000002) for __rt_entry_presh_1
    __rtentry.o(.ARM.Collect$$rtentry$$00000000) refers (Special) to __rtentry7.o(.ARM.Collect$$rtentry$$00000007) for __rt_entry_sh
    __rtentry2.o(.ARM.Collect$$rtentry$$00000008) refers to boardinit2.o(.text) for _platform_post_stackheap_init
    __rtentry2.o(.ARM.Collect$$rtentry$$0000000A) refers to libinit.o(.ARM.Collect$$libinit$$00000000) for __rt_lib_init
    __rtentry2.o(.ARM.Collect$$rtentry$$0000000B) refers to boardinit3.o(.text) for _platform_post_lib_init
    __rtentry2.o(.ARM.Collect$$rtentry$$0000000D) refers to main.o(payRollSysMain) for main
    __rtentry2.o(.ARM.Collect$$rtentry$$0000000D) refers to exit.o(.text) for exit
    __rtentry2.o(.ARM.exidx) refers to __rtentry2.o(.ARM.Collect$$rtentry$$00000001) for .ARM.Collect$$rtentry$$00000001
    __rtentry2.o(.ARM.exidx) refers to __rtentry2.o(.ARM.Collect$$rtentry$$00000008) for .ARM.Collect$$rtentry$$00000008
    __rtentry2.o(.ARM.exidx) refers to __rtentry2.o(.ARM.Collect$$rtentry$$0000000A) for .ARM.Collect$$rtentry$$0000000A
    __rtentry2.o(.ARM.exidx) refers to __rtentry2.o(.ARM.Collect$$rtentry$$0000000B) for .ARM.Collect$$rtentry$$0000000B
    __rtentry2.o(.ARM.exidx) refers to __rtentry2.o(.ARM.Collect$$rtentry$$0000000D) for .ARM.Collect$$rtentry$$0000000D
    __rtentry4.o(.ARM.Collect$$rtentry$$00000004) refers to sys_stackheap_outer.o(.text) for __user_setup_stackheap
    __rtentry4.o(.ARM.exidx) refers to __rtentry4.o(.ARM.Collect$$rtentry$$00000004) for .ARM.Collect$$rtentry$$00000004
    __rtentry7.o(.ARM.Collect$$rtentry$$00000007) refers to __rtentry7.o(.ARM.Collect$$rtentry$$00002718) for __lit__00000000
    __rtentry7.o(__vectab_stack_and_reset_2_area) refers to __main.o(!!!main) for __main
    __rtentry7.o(.ARM.exidx) refers to __rtentry7.o(.ARM.Collect$$rtentry$$00000007) for .ARM.Collect$$rtentry$$00000007
    __rtentry7.o(.ARM.exidx) refers to __rtentry7.o(.ARM.Collect$$rtentry$$00002718) for .ARM.Collect$$rtentry$$00002718
    sys_stackheap_outer.o(.text) refers to libspace.o(.text) for __user_perproc_libspace
    sys_stackheap_outer.o(.text) refers to sys_stackheap.o(.text) for __user_initial_stackheap
    exit.o(.text) refers to rtexit.o(.ARM.Collect$$rtexit$$00000000) for __rt_exit
    libinit.o(.ARM.Collect$$libinit$$00000000) refers (Special) to libinit2.o(.ARM.Collect$$libinit$$00000030) for __rt_lib_init_alloca_1
    libinit.o(.ARM.Collect$$libinit$$00000000) refers (Special) to libinit5.o(.ARM.Collect$$libinit$$0000002C) for __rt_lib_init_argv_1
    libinit.o(.ARM.Collect$$libinit$$00000000) refers (Special) to libinit2.o(.ARM.Collect$$libinit$$0000001D) for __rt_lib_init_atexit_1
    libinit.o(.ARM.Collect$$libinit$$00000000) refers (Special) to libinit2.o(.ARM.Collect$$libinit$$00000023) for __rt_lib_init_clock_1
    libinit.o(.ARM.Collect$$libinit$$00000000) refers (Special) to libinit2.o(.ARM.Collect$$libinit$$00000034) for __rt_lib_init_cpp_1
    libinit.o(.ARM.Collect$$libinit$$00000000) refers (Special) to libinit2.o(.ARM.Collect$$libinit$$00000032) for __rt_lib_init_exceptions_1
    libinit.o(.ARM.Collect$$libinit$$00000000) refers (Special) to libinit2.o(.ARM.Collect$$libinit$$00000001) for __rt_lib_init_fp_1
    libinit.o(.ARM.Collect$$libinit$$00000000) refers (Special) to libinit2.o(.ARM.Collect$$libinit$$00000021) for __rt_lib_init_fp_trap_1
    libinit.o(.ARM.Collect$$libinit$$00000000) refers (Special) to libinit2.o(.ARM.Collect$$libinit$$00000025) for __rt_lib_init_getenv_1
    libinit.o(.ARM.Collect$$libinit$$00000000) refers (Special) to libinit2.o(.ARM.Collect$$libinit$$0000000C) for __rt_lib_init_heap_1
    libinit.o(.ARM.Collect$$libinit$$00000000) refers (Special) to libinit2.o(.ARM.Collect$$libinit$$00000013) for __rt_lib_init_lc_collate_1
    libinit.o(.ARM.Collect$$libinit$$00000000) refers (Special) to libinit2.o(.ARM.Collect$$libinit$$00000015) for __rt_lib_init_lc_ctype_1
    libinit.o(.ARM.Collect$$libinit$$00000000) refers (Special) to libinit2.o(.ARM.Collect$$libinit$$00000017) for __rt_lib_init_lc_monetary_1
    libinit.o(.ARM.Collect$$libinit$$00000000) refers (Special) to libinit2.o(.ARM.Collect$$libinit$$00000019) for __rt_lib_init_lc_numeric_1
    libinit.o(.ARM.Collect$$libinit$$00000000) refers (Special) to libinit2.o(.ARM.Collect$$libinit$$0000001B) for __rt_lib_init_lc_time_1
    libinit.o(.ARM.Collect$$libinit$$00000000) refers (Special) to libinit2.o(.ARM.Collect$$libinit$$00000006) for __rt_lib_init_preinit_1
    libinit.o(.ARM.Collect$$libinit$$00000000) refers (Special) to libinit2.o(.ARM.Collect$$libinit$$00000010) for __rt_lib_init_rand_1
    libinit.o(.ARM.Collect$$libinit$$00000000) refers (Special) to libinit2.o(.ARM.Collect$$libinit$$00000004) for __rt_lib_init_relocate_pie_1
    libinit.o(.ARM.Collect$$libinit$$00000000) refers (Special) to libinit2.o(.ARM.Collect$$libinit$$00000035) for __rt_lib_init_return
    libinit.o(.ARM.Collect$$libinit$$00000000) refers (Special) to libinit2.o(.ARM.Collect$$libinit$$0000001F) for __rt_lib_init_signal_1
    libinit.o(.ARM.Collect$$libinit$$00000000) refers (Special) to libinit2.o(.ARM.Collect$$libinit$$00000027) for __rt_lib_init_stdio_1
    libinit.o(.ARM.Collect$$libinit$$00000000) refers (Special) to libinit2.o(.ARM.Collect$$libinit$$0000000E) for __rt_lib_init_user_alloc_1
    libspace.o(.text) refers to libspace.o(.bss) for __libspace_start
    sys_stackheap.o(.text) refers (Special) to indicate_semi.o(.text) for __semihosting_library_function
    sys_stackheap.o(.text) refers to use_no_semi.o(.text) for __I$use$semihosting
    sys_stackheap_hlt.o(.text) refers (Special) to indicate_semi.o(.text) for __semihosting_library_function
    sys_stackheap_hlt.o(.text) refers to use_no_semi.o(.text) for __I$use$semihosting
    rtexit.o(.ARM.Collect$$rtexit$$00000000) refers (Special) to rtexit2.o(.ARM.Collect$$rtexit$$00000004) for __rt_exit_exit
    rtexit.o(.ARM.Collect$$rtexit$$00000000) refers (Special) to rtexit2.o(.ARM.Collect$$rtexit$$00000003) for __rt_exit_ls
    rtexit.o(.ARM.Collect$$rtexit$$00000000) refers (Special) to rtexit2.o(.ARM.Collect$$rtexit$$00000002) for __rt_exit_prels_1
    rtexit.o(.ARM.exidx) refers (Special) to rtexit2.o(.ARM.Collect$$rtexit$$00000004) for __rt_exit_exit
    rtexit.o(.ARM.exidx) refers (Special) to rtexit2.o(.ARM.Collect$$rtexit$$00000003) for __rt_exit_ls
    rtexit.o(.ARM.exidx) refers (Special) to rtexit2.o(.ARM.Collect$$rtexit$$00000002) for __rt_exit_prels_1
    rtexit.o(.ARM.exidx) refers to rtexit.o(.ARM.Collect$$rtexit$$00000000) for .ARM.Collect$$rtexit$$00000000
    libinit2.o(.ARM.Collect$$libinit$$00000001) refers to fpinit.o(x$fpl$fpinit) for _fp_init
    libinit2.o(.ARM.Collect$$libinit$$00000012) refers to libinit2.o(.ARM.Collect$$libinit$$00000011) for .ARM.Collect$$libinit$$00000011
    libinit2.o(.ARM.Collect$$libinit$$00000014) refers to libinit2.o(.ARM.Collect$$libinit$$00000011) for .ARM.Collect$$libinit$$00000011
    libinit2.o(.ARM.Collect$$libinit$$00000016) refers to libinit2.o(.ARM.Collect$$libinit$$00000011) for .ARM.Collect$$libinit$$00000011
    libinit2.o(.ARM.Collect$$libinit$$00000018) refers to libinit2.o(.ARM.Collect$$libinit$$00000011) for .ARM.Collect$$libinit$$00000011
    libinit2.o(.ARM.Collect$$libinit$$0000001A) refers to libinit2.o(.ARM.Collect$$libinit$$00000011) for .ARM.Collect$$libinit$$00000011
    libinit2.o(.ARM.Collect$$libinit$$00000028) refers to argv_veneer.o(.emb_text) for __ARM_argv_veneer
    libinit2.o(.ARM.Collect$$libinit$$00000029) refers to argv_veneer.o(.emb_text) for __ARM_argv_veneer
    libinit5.o(.ARM.Collect$$libinit$$0000000A) refers to libinit5.o(.ARM.Collect$$libinit$$0000271B) for __lit__00000000
    libinit5.o(.ARM.Collect$$libinit$$0000002C) refers to libinit5.o(.ARM.Collect$$libinit$$0000273D) for __lit__00000002
    libinit5.o(.ARM.Collect$$libinit$$0000002C) refers to argv_veneer.o(.emb_text) for __ARM_argv_veneer
    rtexit2.o(.ARM.Collect$$rtexit$$00000003) refers to libshutdown.o(.ARM.Collect$$libshutdown$$00000000) for __rt_lib_shutdown
    rtexit2.o(.ARM.Collect$$rtexit$$00000004) refers to sys_exit.o(.text) for _sys_exit
    rtexit2.o(.ARM.exidx) refers to rtexit2.o(.ARM.Collect$$rtexit$$00000001) for .ARM.Collect$$rtexit$$00000001
    rtexit2.o(.ARM.exidx) refers to rtexit2.o(.ARM.Collect$$rtexit$$00000003) for .ARM.Collect$$rtexit$$00000003
    rtexit2.o(.ARM.exidx) refers to rtexit2.o(.ARM.Collect$$rtexit$$00000004) for .ARM.Collect$$rtexit$$00000004
    argv_veneer.o(.emb_text) refers to _get_argv_nomalloc.o(.text) for __ARM_get_argv
    sys_exit.o(.text) refers (Special) to use_no_semi.o(.text) for __I$use$semihosting
    sys_exit.o(.text) refers (Special) to indicate_semi.o(.text) for __semihosting_library_function
    sys_exit_hlt.o(.text) refers (Special) to use_no_semi.o(.text) for __I$use$semihosting
    sys_exit_hlt.o(.text) refers (Special) to indicate_semi.o(.text) for __semihosting_library_function
    _get_argv_nomalloc.o(.text) refers (Special) to hrguard.o(.text) for __heap_region$guard
    _get_argv_nomalloc.o(.text) refers to defsig_rtmem_outer.o(.text) for __rt_SIGRTMEM
    _get_argv_nomalloc.o(.text) refers to sys_command.o(.text) for _sys_command_string
    libshutdown.o(.ARM.Collect$$libshutdown$$00000000) refers (Special) to libshutdown2.o(.ARM.Collect$$libshutdown$$00000002) for __rt_lib_shutdown_cpp_1
    libshutdown.o(.ARM.Collect$$libshutdown$$00000000) refers (Special) to libshutdown2.o(.ARM.Collect$$libshutdown$$00000007) for __rt_lib_shutdown_fp_trap_1
    libshutdown.o(.ARM.Collect$$libshutdown$$00000000) refers (Special) to libshutdown2.o(.ARM.Collect$$libshutdown$$0000000F) for __rt_lib_shutdown_heap_1
    libshutdown.o(.ARM.Collect$$libshutdown$$00000000) refers (Special) to libshutdown2.o(.ARM.Collect$$libshutdown$$00000010) for __rt_lib_shutdown_return
    libshutdown.o(.ARM.Collect$$libshutdown$$00000000) refers (Special) to libshutdown2.o(.ARM.Collect$$libshutdown$$0000000A) for __rt_lib_shutdown_signal_1
    libshutdown.o(.ARM.Collect$$libshutdown$$00000000) refers (Special) to libshutdown2.o(.ARM.Collect$$libshutdown$$00000004) for __rt_lib_shutdown_stdio_1
    libshutdown.o(.ARM.Collect$$libshutdown$$00000000) refers (Special) to libshutdown2.o(.ARM.Collect$$libshutdown$$0000000C) for __rt_lib_shutdown_user_alloc_1
    sys_command.o(.text) refers (Special) to use_no_semi.o(.text) for __I$use$semihosting
    sys_command.o(.text) refers (Special) to indicate_semi.o(.text) for __semihosting_library_function
    sys_command_hlt.o(.text) refers (Special) to use_no_semi.o(.text) for __I$use$semihosting
    sys_command_hlt.o(.text) refers (Special) to indicate_semi.o(.text) for __semihosting_library_function
    defsig_rtmem_outer.o(.text) refers to defsig_rtmem_inner.o(.text) for __rt_SIGRTMEM_inner
    defsig_rtmem_outer.o(.text) refers to defsig_exit.o(.text) for __sig_exit
    defsig_rtmem_formal.o(.text) refers to rt_raise.o(.text) for __rt_raise
    rt_raise.o(.text) refers to __raise.o(.text) for __raise
    rt_raise.o(.text) refers to sys_exit.o(.text) for _sys_exit
    defsig_exit.o(.text) refers to sys_exit.o(.text) for _sys_exit
    defsig_rtmem_inner.o(.text) refers to defsig_general.o(.text) for __default_signal_display
    __raise.o(.text) refers to defsig.o(CL$$defsig) for __default_signal_handler
    defsig_general.o(.text) refers to sys_wrch.o(.text) for _ttywrch
    sys_wrch.o(.text) refers (Special) to use_no_semi.o(.text) for __I$use$semihosting
    sys_wrch.o(.text) refers (Special) to indicate_semi.o(.text) for __semihosting_library_function
    sys_wrch_hlt.o(.text) refers (Special) to use_no_semi.o(.text) for __I$use$semihosting
    sys_wrch_hlt.o(.text) refers (Special) to indicate_semi.o(.text) for __semihosting_library_function
    defsig.o(CL$$defsig) refers to defsig_rtmem_inner.o(.text) for __rt_SIGRTMEM_inner
    defsig_abrt_inner.o(.text) refers to defsig_general.o(.text) for __default_signal_display
    defsig_fpe_inner.o(.text) refers to defsig_general.o(.text) for __default_signal_display
    defsig_rtred_inner.o(.text) refers to defsig_general.o(.text) for __default_signal_display
    defsig_stak_inner.o(.text) refers to defsig_general.o(.text) for __default_signal_display
    defsig_pvfn_inner.o(.text) refers to defsig_general.o(.text) for __default_signal_display
    defsig_cppl_inner.o(.text) refers to defsig_general.o(.text) for __default_signal_display
    defsig_segv_inner.o(.text) refers to defsig_general.o(.text) for __default_signal_display
    defsig_other.o(.text) refers to defsig_general.o(.text) for __default_signal_display


==============================================================================

Removing Unused input sections from the image.

    Removing startup_armcm4.o(.text), (0 bytes).
    Removing startup_armcm4.o(.ARM.exidx.text.Default_Handler), (8 bytes).
    Removing startup_armcm4.o(.ARM.exidx.text.Reset_Handler), (8 bytes).
    Removing startup_armcm4.o(.ARM.exidx.text.HardFault_Handler), (8 bytes).
    Removing system_armcm4.o(.text), (0 bytes).
    Removing system_armcm4.o(.text.SystemCoreClockUpdate), (20 bytes).
    Removing system_armcm4.o(.ARM.exidx.text.SystemCoreClockUpdate), (8 bytes).
    Removing system_armcm4.o(.ARM.exidx.text.SystemInit), (8 bytes).

8 unused section(s) (total 60 bytes) removed from the image.

==============================================================================

Image Symbol Table

    Local Symbols

    Symbol Name                              Value     Ov Type        Size  Object(Section)

    ../clib/angel/boardlib.s                 0x00000000   Number         0  boardinit1.o ABSOLUTE
    ../clib/angel/boardlib.s                 0x00000000   Number         0  boardinit2.o ABSOLUTE
    ../clib/angel/boardlib.s                 0x00000000   Number         0  boardinit3.o ABSOLUTE
    ../clib/angel/boardlib.s                 0x00000000   Number         0  boardshut.o ABSOLUTE
    ../clib/angel/dclz77c.s                  0x00000000   Number         0  __dclz77c.o ABSOLUTE
    ../clib/angel/handlers.s                 0x00000000   Number         0  __scatter_copy.o ABSOLUTE
    ../clib/angel/kernel.s                   0x00000000   Number         0  __rtentry.o ABSOLUTE
    ../clib/angel/kernel.s                   0x00000000   Number         0  __rtentry2.o ABSOLUTE
    ../clib/angel/kernel.s                   0x00000000   Number         0  __rtentry4.o ABSOLUTE
    ../clib/angel/kernel.s                   0x00000000   Number         0  __rtentry7.o ABSOLUTE
    ../clib/angel/kernel.s                   0x00000000   Number         0  rtexit.o ABSOLUTE
    ../clib/angel/kernel.s                   0x00000000   Number         0  rtexit2.o ABSOLUTE
    ../clib/angel/rt.s                       0x00000000   Number         0  rt_raise.o ABSOLUTE
    ../clib/angel/scatter.s                  0x00000000   Number         0  __scatter.o ABSOLUTE
    ../clib/angel/startup.s                  0x00000000   Number         0  __main.o ABSOLUTE
    ../clib/angel/sys.s                      0x00000000   Number         0  sys_stackheap_outer.o ABSOLUTE
    ../clib/angel/sys.s                      0x00000000   Number         0  libspace.o ABSOLUTE
    ../clib/angel/sys.s                      0x00000000   Number         0  sys_stackheap.o ABSOLUTE
    ../clib/angel/sys.s                      0x00000000   Number         0  sys_stackheap_hlt.o ABSOLUTE
    ../clib/angel/sys.s                      0x00000000   Number         0  use_no_semi.o ABSOLUTE
    ../clib/angel/sys.s                      0x00000000   Number         0  indicate_semi.o ABSOLUTE
    ../clib/angel/sysapp.c                   0x00000000   Number         0  sys_exit.o ABSOLUTE
    ../clib/angel/sysapp.c                   0x00000000   Number         0  sys_exit_hlt.o ABSOLUTE
    ../clib/angel/sysapp.c                   0x00000000   Number         0  sys_command.o ABSOLUTE
    ../clib/angel/sysapp.c                   0x00000000   Number         0  sys_command_hlt.o ABSOLUTE
    ../clib/angel/sysapp.c                   0x00000000   Number         0  sys_wrch.o ABSOLUTE
    ../clib/angel/sysapp.c                   0x00000000   Number         0  sys_wrch_hlt.o ABSOLUTE
    ../clib/armsys.c                         0x00000000   Number         0  argv_veneer.o ABSOLUTE
    ../clib/armsys.c                         0x00000000   Number         0  argv_veneer.o ABSOLUTE
    ../clib/armsys.c                         0x00000000   Number         0  _get_argv_nomalloc.o ABSOLUTE
    ../clib/armsys.c                         0x00000000   Number         0  no_argv.o ABSOLUTE
    ../clib/heapalloc.c                      0x00000000   Number         0  hrguard.o ABSOLUTE
    ../clib/libinit.s                        0x00000000   Number         0  libinit.o ABSOLUTE
    ../clib/libinit.s                        0x00000000   Number         0  libinit2.o ABSOLUTE
    ../clib/libinit.s                        0x00000000   Number         0  libinit5.o ABSOLUTE
    ../clib/libinit.s                        0x00000000   Number         0  libshutdown.o ABSOLUTE
    ../clib/libinit.s                        0x00000000   Number         0  libshutdown2.o ABSOLUTE
    ../clib/signal.c                         0x00000000   Number         0  defsig_rtmem_outer.o ABSOLUTE
    ../clib/signal.c                         0x00000000   Number         0  defsig_rtmem_formal.o ABSOLUTE
    ../clib/signal.c                         0x00000000   Number         0  defsig_exit.o ABSOLUTE
    ../clib/signal.c                         0x00000000   Number         0  defsig_rtmem_inner.o ABSOLUTE
    ../clib/signal.c                         0x00000000   Number         0  __raise.o ABSOLUTE
    ../clib/signal.c                         0x00000000   Number         0  defsig_general.o ABSOLUTE
    ../clib/signal.c                         0x00000000   Number         0  defsig_abrt_inner.o ABSOLUTE
    ../clib/signal.c                         0x00000000   Number         0  defsig_fpe_inner.o ABSOLUTE
    ../clib/signal.c                         0x00000000   Number         0  defsig_rtred_inner.o ABSOLUTE
    ../clib/signal.c                         0x00000000   Number         0  defsig_stak_inner.o ABSOLUTE
    ../clib/signal.c                         0x00000000   Number         0  defsig_pvfn_inner.o ABSOLUTE
    ../clib/signal.c                         0x00000000   Number         0  defsig_cppl_inner.o ABSOLUTE
    ../clib/signal.c                         0x00000000   Number         0  defsig_segv_inner.o ABSOLUTE
    ../clib/signal.c                         0x00000000   Number         0  defsig_other.o ABSOLUTE
    ../clib/signal.s                         0x00000000   Number         0  defsig.o ABSOLUTE
    ../clib/stdlib.c                         0x00000000   Number         0  exit.o ABSOLUTE
    ../fplib/fpinit.s                        0x00000000   Number         0  fpinit.o ABSOLUTE
    __tagsym$$used.0                         0x00000000   Number         0  startup_armcm4.o(RESET)
    data.s                                   0x00000000   Number         0  data.o ABSOLUTE
    dc.s                                     0x00000000   Number         0  dc.o ABSOLUTE
    main.s                                   0x00000000   Number         0  main.o ABSOLUTE
    module10_bonusCalculator.s               0x00000000   Number         0  module10_bonuscalculator.o ABSOLUTE
    module11_paySlip.s                       0x00000000   Number         0  module11_payslip.o ABSOLUTE
    module1_structGenerator.s                0x00000000   Number         0  module1_structgenerator.o ABSOLUTE
    module2_attendanceData.s                 0x00000000   Number         0  module2_attendancedata.o ABSOLUTE
    module3_leaveManagement.s                0x00000000   Number         0  module3_leavemanagement.o ABSOLUTE
    module4_overtimeCalculation.s            0x00000000   Number         0  module4_overtimecalculation.o ABSOLUTE
    module5_allowanceProcessor.s             0x00000000   Number         0  module5_allowanceprocessor.o ABSOLUTE
    module6_taxComputation.s                 0x00000000   Number         0  module6_taxcomputation.o ABSOLUTE
    module7_netSalary.s                      0x00000000   Number         0  module7_netsalary.o ABSOLUTE
    module8_sortStruct.s                     0x00000000   Number         0  module8_sortstruct.o ABSOLUTE
    module9_departmentalSalary.s             0x00000000   Number         0  module9_departmentalsalary.o ABSOLUTE
    startup_ARMCM4.c                         0x00000000   Number         0  startup_armcm4.o ABSOLUTE
    system_ARMCM4.c                          0x00000000   Number         0  system_armcm4.o ABSOLUTE
    !!!main                                  0x000003c0   Section        8  __main.o(!!!main)
    !!!scatter                               0x000003c8   Section       92  __scatter.o(!!!scatter)
    !!dclz77c                                0x00000424   Section      100  __dclz77c.o(!!dclz77c)
    !!handler_copy                           0x00000488   Section       26  __scatter_copy.o(!!handler_copy)
    !!handler_null                           0x000004a4   Section        2  __scatter.o(!!handler_null)
    .ARM.Collect$$libinit$$00000000          0x000004a6   Section        2  libinit.o(.ARM.Collect$$libinit$$00000000)
    .ARM.Collect$$libinit$$00000001          0x000004a8   Section        4  libinit2.o(.ARM.Collect$$libinit$$00000001)
    .ARM.Collect$$libinit$$00000004          0x000004ac   Section        0  libinit2.o(.ARM.Collect$$libinit$$00000004)
    .ARM.Collect$$libinit$$00000006          0x000004ac   Section        0  libinit2.o(.ARM.Collect$$libinit$$00000006)
    .ARM.Collect$$libinit$$0000000C          0x000004ac   Section        0  libinit2.o(.ARM.Collect$$libinit$$0000000C)
    .ARM.Collect$$libinit$$0000000E          0x000004ac   Section        0  libinit2.o(.ARM.Collect$$libinit$$0000000E)
    .ARM.Collect$$libinit$$00000010          0x000004ac   Section        0  libinit2.o(.ARM.Collect$$libinit$$00000010)
    .ARM.Collect$$libinit$$00000013          0x000004ac   Section        0  libinit2.o(.ARM.Collect$$libinit$$00000013)
    .ARM.Collect$$libinit$$00000015          0x000004ac   Section        0  libinit2.o(.ARM.Collect$$libinit$$00000015)
    .ARM.Collect$$libinit$$00000017          0x000004ac   Section        0  libinit2.o(.ARM.Collect$$libinit$$00000017)
    .ARM.Collect$$libinit$$00000019          0x000004ac   Section        0  libinit2.o(.ARM.Collect$$libinit$$00000019)
    .ARM.Collect$$libinit$$0000001B          0x000004ac   Section        0  libinit2.o(.ARM.Collect$$libinit$$0000001B)
    .ARM.Collect$$libinit$$0000001D          0x000004ac   Section        0  libinit2.o(.ARM.Collect$$libinit$$0000001D)
    .ARM.Collect$$libinit$$0000001F          0x000004ac   Section        0  libinit2.o(.ARM.Collect$$libinit$$0000001F)
    .ARM.Collect$$libinit$$00000021          0x000004ac   Section        0  libinit2.o(.ARM.Collect$$libinit$$00000021)
    .ARM.Collect$$libinit$$00000023          0x000004ac   Section        0  libinit2.o(.ARM.Collect$$libinit$$00000023)
    .ARM.Collect$$libinit$$00000025          0x000004ac   Section        0  libinit2.o(.ARM.Collect$$libinit$$00000025)
    .ARM.Collect$$libinit$$00000027          0x000004ac   Section        0  libinit2.o(.ARM.Collect$$libinit$$00000027)
    .ARM.Collect$$libinit$$0000002C          0x000004ac   Section       12  libinit5.o(.ARM.Collect$$libinit$$0000002C)
    .ARM.Collect$$libinit$$00000030          0x000004b8   Section        0  libinit2.o(.ARM.Collect$$libinit$$00000030)
    .ARM.Collect$$libinit$$00000032          0x000004b8   Section        0  libinit2.o(.ARM.Collect$$libinit$$00000032)
    .ARM.Collect$$libinit$$00000034          0x000004b8   Section        0  libinit2.o(.ARM.Collect$$libinit$$00000034)
    .ARM.Collect$$libinit$$00000035          0x000004b8   Section        2  libinit2.o(.ARM.Collect$$libinit$$00000035)
    __lit__00000002                          0x000004bc   Data           4  libinit5.o(.ARM.Collect$$libinit$$0000273D)
    .ARM.Collect$$libinit$$0000273D          0x000004bc   Section        8  libinit5.o(.ARM.Collect$$libinit$$0000273D)
    __lit__00000003                          0x000004c0   Data           4  libinit5.o(.ARM.Collect$$libinit$$0000273D)
    .ARM.Collect$$libshutdown$$00000000      0x000004c4   Section        2  libshutdown.o(.ARM.Collect$$libshutdown$$00000000)
    .ARM.Collect$$libshutdown$$00000002      0x000004c6   Section        0  libshutdown2.o(.ARM.Collect$$libshutdown$$00000002)
    .ARM.Collect$$libshutdown$$00000004      0x000004c6   Section        0  libshutdown2.o(.ARM.Collect$$libshutdown$$00000004)
    .ARM.Collect$$libshutdown$$00000007      0x000004c6   Section        0  libshutdown2.o(.ARM.Collect$$libshutdown$$00000007)
    .ARM.Collect$$libshutdown$$0000000A      0x000004c6   Section        0  libshutdown2.o(.ARM.Collect$$libshutdown$$0000000A)
    .ARM.Collect$$libshutdown$$0000000C      0x000004c6   Section        0  libshutdown2.o(.ARM.Collect$$libshutdown$$0000000C)
    .ARM.Collect$$libshutdown$$0000000F      0x000004c6   Section        0  libshutdown2.o(.ARM.Collect$$libshutdown$$0000000F)
    .ARM.Collect$$libshutdown$$00000010      0x000004c6   Section        2  libshutdown2.o(.ARM.Collect$$libshutdown$$00000010)
    .ARM.Collect$$rtentry$$00000000          0x000004c8   Section        0  __rtentry.o(.ARM.Collect$$rtentry$$00000000)
    .ARM.Collect$$rtentry$$00000002          0x000004c8   Section        0  __rtentry2.o(.ARM.Collect$$rtentry$$00000002)
    .ARM.Collect$$rtentry$$00000007          0x000004c8   Section        4  __rtentry7.o(.ARM.Collect$$rtentry$$00000007)
    .ARM.Collect$$rtentry$$00000009          0x000004cc   Section        0  __rtentry2.o(.ARM.Collect$$rtentry$$00000009)
    .ARM.Collect$$rtentry$$0000000A          0x000004cc   Section        4  __rtentry2.o(.ARM.Collect$$rtentry$$0000000A)
    .ARM.Collect$$rtentry$$0000000C          0x000004d0   Section        0  __rtentry2.o(.ARM.Collect$$rtentry$$0000000C)
    .ARM.Collect$$rtentry$$0000000D          0x000004d0   Section        8  __rtentry2.o(.ARM.Collect$$rtentry$$0000000D)
    __lit__00000000                          0x000004d8   Data           4  __rtentry7.o(.ARM.Collect$$rtentry$$00002718)
    .ARM.Collect$$rtentry$$00002718          0x000004d8   Section        4  __rtentry7.o(.ARM.Collect$$rtentry$$00002718)
    .ARM.Collect$$rtexit$$00000000           0x000004dc   Section        2  rtexit.o(.ARM.Collect$$rtexit$$00000000)
    .ARM.Collect$$rtexit$$00000002           0x000004de   Section        0  rtexit2.o(.ARM.Collect$$rtexit$$00000002)
    .ARM.Collect$$rtexit$$00000003           0x000004de   Section        4  rtexit2.o(.ARM.Collect$$rtexit$$00000003)
    .ARM.Collect$$rtexit$$00000004           0x000004e2   Section        6  rtexit2.o(.ARM.Collect$$rtexit$$00000004)
    .emb_text                                0x000004e8   Section        4  argv_veneer.o(.emb_text)
    .text                                    0x000004ec   Section        0  exit.o(.text)
    .text                                    0x000004fe   Section        2  use_no_semi.o(.text)
    .text                                    0x00000500   Section        0  indicate_semi.o(.text)
    .text                                    0x00000500   Section        0  sys_exit.o(.text)
    .text                                    0x0000050c   Section        0  _get_argv_nomalloc.o(.text)
    .text                                    0x0000063a   Section        0  sys_command.o(.text)
    .text                                    0x00000652   Section        0  hrguard.o(.text)
    .text                                    0x00000656   Section        0  defsig_rtmem_outer.o(.text)
    .text                                    0x00000664   Section        0  defsig_exit.o(.text)
    .text                                    0x00000670   Section        0  defsig_rtmem_inner.o(.text)
    .text                                    0x000006c0   Section        0  defsig_general.o(.text)
    .text                                    0x000006f2   Section        0  sys_wrch.o(.text)
    [Anonymous Symbol]                       0x00000700   Section        0  startup_armcm4.o(.text.Default_Handler)
    [Anonymous Symbol]                       0x00000704   Section        0  startup_armcm4.o(.text.HardFault_Handler)
    [Anonymous Symbol]                       0x00000708   Section        0  startup_armcm4.o(.text.Reset_Handler)
    [Anonymous Symbol]                       0x00000710   Section        0  system_armcm4.o(.text.SystemInit)
    $v0                                      0x00000748   Number         0  module10_bonuscalculator.o(module10Main)
    module10Main                             0x00000748   Section      160  module10_bonuscalculator.o(module10Main)
    $v0                                      0x000007e8   Number         0  module11_payslip.o(module11Main)
    module11Main                             0x000007e8   Section     1380  module11_payslip.o(module11Main)
    print_string                             0x00000cdf   Thumb Code    38  module11_payslip.o(module11Main)
    time_loop                                0x00000d05   Thumb Code    26  module11_payslip.o(module11Main)
    print_dummy                              0x00000d1f   Thumb Code    30  module11_payslip.o(module11Main)
    $v0                                      0x00000d4c   Number         0  module1_structgenerator.o(module1Main)
    module1Main                              0x00000d4c   Section      216  module1_structgenerator.o(module1Main)
    $v0                                      0x00000e24   Number         0  module2_attendancedata.o(module2Main)
    module2Main                              0x00000e24   Section      136  module2_attendancedata.o(module2Main)
    $v0                                      0x00000eac   Number         0  module3_leavemanagement.o(module3Main)
    module3Main                              0x00000eac   Section       92  module3_leavemanagement.o(module3Main)
    $v0                                      0x00000f08   Number         0  module4_overtimecalculation.o(module4Main)
    module4Main                              0x00000f08   Section      112  module4_overtimecalculation.o(module4Main)
    $v0                                      0x00000f78   Number         0  module5_allowanceprocessor.o(module5Main)
    module5Main                              0x00000f78   Section      144  module5_allowanceprocessor.o(module5Main)
    $v0                                      0x00001008   Number         0  module6_taxcomputation.o(module6Main)
    module6Main                              0x00001008   Section      184  module6_taxcomputation.o(module6Main)
    $v0                                      0x000010c0   Number         0  module7_netsalary.o(module7Main)
    module7Main                              0x000010c0   Section      120  module7_netsalary.o(module7Main)
    $v0                                      0x00001138   Number         0  module8_sortstruct.o(module8Main)
    module8Main                              0x00001138   Section      184  module8_sortstruct.o(module8Main)
    $v0                                      0x000011f0   Number         0  module9_departmentalsalary.o(module9Main)
    module9Main                              0x000011f0   Section       96  module9_departmentalsalary.o(module9Main)
    $v0                                      0x00001250   Number         0  main.o(payRollSysMain)
    payRollSysMain                           0x00001250   Section       46  main.o(payRollSysMain)
    $v0                                      0x0000127e   Number         0  fpinit.o(x$fpl$fpinit)
    x$fpl$fpinit                             0x0000127e   Section       26  fpinit.o(x$fpl$fpinit)
    payRollSysData                           0x20010000   Section     3964  data.o(payRollSysData)
    name1                                    0x20010028   Data          16  data.o(payRollSysData)
    name2                                    0x20010038   Data          25  data.o(payRollSysData)
    name3                                    0x20010051   Data          13  data.o(payRollSysData)
    name4                                    0x2001005e   Data          18  data.o(payRollSysData)
    name5                                    0x20010070   Data          18  data.o(payRollSysData)
    name6                                    0x20010082   Data          27  data.o(payRollSysData)
    name7                                    0x2001009d   Data          21  data.o(payRollSysData)
    att1                                     0x20010120   Data          31  data.o(payRollSysData)
    att2                                     0x2001013f   Data          31  data.o(payRollSysData)
    att3                                     0x2001015e   Data          31  data.o(payRollSysData)
    att4                                     0x2001017d   Data          31  data.o(payRollSysData)
    att5                                     0x2001019c   Data          31  data.o(payRollSysData)
    att6                                     0x200101bb   Data          31  data.o(payRollSysData)
    att7                                     0x200101da   Data          31  data.o(payRollSysData)
    pr1                                      0x20010220   Data          24  data.o(payRollSysData)
    pr2                                      0x20010238   Data          24  data.o(payRollSysData)
    pr3                                      0x20010250   Data          24  data.o(payRollSysData)
    pr4                                      0x20010268   Data          24  data.o(payRollSysData)
    pr5                                      0x20010280   Data          24  data.o(payRollSysData)
    pr6                                      0x20010298   Data          24  data.o(payRollSysData)
    pr7                                      0x200102b0   Data          24  data.o(payRollSysData)
    line_1                                   0x20010318   Data          63  data.o(payRollSysData)
    line_2                                   0x20010357   Data          63  data.o(payRollSysData)
    header                                   0x20010396   Data          63  data.o(payRollSysData)
    line_3                                   0x200103d5   Data          63  data.o(payRollSysData)
    line_4                                   0x20010414   Data          63  data.o(payRollSysData)
    line_5                                   0x20010453   Data          63  data.o(payRollSysData)
    line_id                                  0x20010492   Data          63  data.o(payRollSysData)
    line_name                                0x200104d1   Data          63  data.o(payRollSysData)
    line_grade                               0x20010510   Data          63  data.o(payRollSysData)
    line_dept                                0x2001054f   Data          63  data.o(payRollSysData)
    line_6                                   0x2001058e   Data          63  data.o(payRollSysData)
    line_7                                   0x200105cd   Data          63  data.o(payRollSysData)
    line_acc                                 0x2001060c   Data          63  data.o(payRollSysData)
    line_8                                   0x2001064b   Data          63  data.o(payRollSysData)
    line_9                                   0x2001068a   Data          63  data.o(payRollSysData)
    line_att                                 0x200106c9   Data          63  data.o(payRollSysData)
    line_10                                  0x20010708   Data          63  data.o(payRollSysData)
    line_11                                  0x20010747   Data          63  data.o(payRollSysData)
    line_work                                0x20010786   Data          63  data.o(payRollSysData)
    line_present                             0x200107c5   Data          63  data.o(payRollSysData)
    line_12                                  0x20010804   Data          63  data.o(payRollSysData)
    line_13                                  0x20010843   Data          63  data.o(payRollSysData)
    line_salary                              0x20010882   Data          63  data.o(payRollSysData)
    line_14                                  0x200108c1   Data          63  data.o(payRollSysData)
    line_15                                  0x20010900   Data          63  data.o(payRollSysData)
    line_base                                0x2001093f   Data          63  data.o(payRollSysData)
    line_allow                               0x2001097e   Data          63  data.o(payRollSysData)
    line_hra                                 0x200109bd   Data          63  data.o(payRollSysData)
    line_med                                 0x200109fc   Data          63  data.o(payRollSysData)
    line_trans                               0x20010a3b   Data          63  data.o(payRollSysData)
    line_over                                0x20010a7a   Data          63  data.o(payRollSysData)
    line_tax                                 0x20010ab9   Data          63  data.o(payRollSysData)
    line_leave                               0x20010af8   Data          63  data.o(payRollSysData)
    line_16                                  0x20010b37   Data          63  data.o(payRollSysData)
    line_net                                 0x20010b76   Data          63  data.o(payRollSysData)
    line_bonus                               0x20010bb5   Data          63  data.o(payRollSysData)
    line_17                                  0x20010bf4   Data          63  data.o(payRollSysData)
    line_final                               0x20010c33   Data          63  data.o(payRollSysData)
    line_18                                  0x20010c72   Data          63  data.o(payRollSysData)
    line_19                                  0x20010cb1   Data          63  data.o(payRollSysData)
    line_20                                  0x20010cf0   Data          63  data.o(payRollSysData)
    line_21                                  0x20010d2f   Data          63  data.o(payRollSysData)
    line_22                                  0x20010d6e   Data          63  data.o(payRollSysData)
    blank_1                                  0x20010dad   Data          63  data.o(payRollSysData)
    blank_2                                  0x20010dec   Data          63  data.o(payRollSysData)
    admin                                    0x20010f60   Data           6  data.o(payRollSysData)
    hr                                       0x20010f66   Data           3  data.o(payRollSysData)
    i_t                                      0x20010f69   Data           3  data.o(payRollSysData)

    Global Symbols

    Symbol Name                              Value     Ov Type        Size  Object(Section)

    BuildAttributes$$THM_ISAv4$E$P$D$K$B$S$7EM$VFPi3$EXTD16$VFPS$VFMA$PE$A:L22UL41UL21$X:L11$S22US41US21$IEEE1$IW$~IW$USESV6$~STKCKD$USESV7$~SHL$OSPACE$ROPI$EBA8$UX$STANDARDLIB$REQ8$EABIv2 0x00000000   Number         0  anon$$obj.o ABSOLUTE
    __Vectors                                0x00000000   Data         960  startup_armcm4.o(RESET)
    Image$$ZI$$Limit                          - Undefined Weak Reference
    __ARM_exceptions_init                     - Undefined Weak Reference
    __alloca_initialize                       - Undefined Weak Reference
    __arm_preinit_                            - Undefined Weak Reference
    __arm_relocate_pie_                       - Undefined Weak Reference
    __cpp_initialize__aeabi_                  - Undefined Weak Reference
    __cxa_finalize                            - Undefined Weak Reference
    __rt_locale                               - Undefined Weak Reference
    __sigvec_lookup                           - Undefined Weak Reference
    _atexit_init                              - Undefined Weak Reference
    _call_atexit_fns                          - Undefined Weak Reference
    _clock_init                               - Undefined Weak Reference
    _fp_trap_init                             - Undefined Weak Reference
    _fp_trap_shutdown                         - Undefined Weak Reference
    _get_lc_collate                           - Undefined Weak Reference
    _get_lc_ctype                             - Undefined Weak Reference
    _get_lc_monetary                          - Undefined Weak Reference
    _get_lc_numeric                           - Undefined Weak Reference
    _get_lc_time                              - Undefined Weak Reference
    _getenv_init                              - Undefined Weak Reference
    _handle_redirection                       - Undefined Weak Reference
    _init_alloc                               - Undefined Weak Reference
    _init_user_alloc                          - Undefined Weak Reference
    _initio                                   - Undefined Weak Reference
    _rand_init                                - Undefined Weak Reference
    _signal_finish                            - Undefined Weak Reference
    _signal_init                              - Undefined Weak Reference
    _terminate_alloc                          - Undefined Weak Reference
    _terminate_user_alloc                     - Undefined Weak Reference
    _terminateio                              - Undefined Weak Reference
    __main                                   0x000003c1   Thumb Code     8  __main.o(!!!main)
    __scatterload                            0x000003c9   Thumb Code     0  __scatter.o(!!!scatter)
    __scatterload_rt2                        0x000003c9   Thumb Code    84  __scatter.o(!!!scatter)
    __scatterload_rt2_thumb_only             0x000003c9   Thumb Code     0  __scatter.o(!!!scatter)
    __scatterload_loop                       0x000003d3   Thumb Code     0  __scatter.o(!!!scatter)
    __decompress                             0x00000425   Thumb Code   100  __dclz77c.o(!!dclz77c)
    __decompress2                            0x00000425   Thumb Code     0  __dclz77c.o(!!dclz77c)
    __scatterload_copy                       0x00000489   Thumb Code    26  __scatter_copy.o(!!handler_copy)
    __scatterload_null                       0x000004a5   Thumb Code     2  __scatter.o(!!handler_null)
    __rt_lib_init                            0x000004a7   Thumb Code     0  libinit.o(.ARM.Collect$$libinit$$00000000)
    __rt_lib_init_fp_1                       0x000004a9   Thumb Code     0  libinit2.o(.ARM.Collect$$libinit$$00000001)
    __rt_lib_init_argv_1                     0x000004ad   Thumb Code     0  libinit5.o(.ARM.Collect$$libinit$$0000002C)
    __rt_lib_init_atexit_1                   0x000004ad   Thumb Code     0  libinit2.o(.ARM.Collect$$libinit$$0000001D)
    __rt_lib_init_clock_1                    0x000004ad   Thumb Code     0  libinit2.o(.ARM.Collect$$libinit$$00000023)
    __rt_lib_init_fp_trap_1                  0x000004ad   Thumb Code     0  libinit2.o(.ARM.Collect$$libinit$$00000021)
    __rt_lib_init_getenv_1                   0x000004ad   Thumb Code     0  libinit2.o(.ARM.Collect$$libinit$$00000025)
    __rt_lib_init_heap_1                     0x000004ad   Thumb Code     0  libinit2.o(.ARM.Collect$$libinit$$0000000C)
    __rt_lib_init_lc_collate_1               0x000004ad   Thumb Code     0  libinit2.o(.ARM.Collect$$libinit$$00000013)
    __rt_lib_init_lc_ctype_1                 0x000004ad   Thumb Code     0  libinit2.o(.ARM.Collect$$libinit$$00000015)
    __rt_lib_init_lc_monetary_1              0x000004ad   Thumb Code     0  libinit2.o(.ARM.Collect$$libinit$$00000017)
    __rt_lib_init_lc_numeric_1               0x000004ad   Thumb Code     0  libinit2.o(.ARM.Collect$$libinit$$00000019)
    __rt_lib_init_lc_time_1                  0x000004ad   Thumb Code     0  libinit2.o(.ARM.Collect$$libinit$$0000001B)
    __rt_lib_init_preinit_1                  0x000004ad   Thumb Code     0  libinit2.o(.ARM.Collect$$libinit$$00000006)
    __rt_lib_init_rand_1                     0x000004ad   Thumb Code     0  libinit2.o(.ARM.Collect$$libinit$$00000010)
    __rt_lib_init_relocate_pie_1             0x000004ad   Thumb Code     0  libinit2.o(.ARM.Collect$$libinit$$00000004)
    __rt_lib_init_signal_1                   0x000004ad   Thumb Code     0  libinit2.o(.ARM.Collect$$libinit$$0000001F)
    __rt_lib_init_stdio_1                    0x000004ad   Thumb Code     0  libinit2.o(.ARM.Collect$$libinit$$00000027)
    __rt_lib_init_user_alloc_1               0x000004ad   Thumb Code     0  libinit2.o(.ARM.Collect$$libinit$$0000000E)
    __rt_lib_init_alloca_1                   0x000004b9   Thumb Code     0  libinit2.o(.ARM.Collect$$libinit$$00000030)
    __rt_lib_init_cpp_1                      0x000004b9   Thumb Code     0  libinit2.o(.ARM.Collect$$libinit$$00000034)
    __rt_lib_init_exceptions_1               0x000004b9   Thumb Code     0  libinit2.o(.ARM.Collect$$libinit$$00000032)
    __rt_lib_init_return                     0x000004b9   Thumb Code     0  libinit2.o(.ARM.Collect$$libinit$$00000035)
    __rt_lib_shutdown                        0x000004c5   Thumb Code     0  libshutdown.o(.ARM.Collect$$libshutdown$$00000000)
    __rt_lib_shutdown_cpp_1                  0x000004c7   Thumb Code     0  libshutdown2.o(.ARM.Collect$$libshutdown$$00000002)
    __rt_lib_shutdown_fp_trap_1              0x000004c7   Thumb Code     0  libshutdown2.o(.ARM.Collect$$libshutdown$$00000007)
    __rt_lib_shutdown_heap_1                 0x000004c7   Thumb Code     0  libshutdown2.o(.ARM.Collect$$libshutdown$$0000000F)
    __rt_lib_shutdown_return                 0x000004c7   Thumb Code     0  libshutdown2.o(.ARM.Collect$$libshutdown$$00000010)
    __rt_lib_shutdown_signal_1               0x000004c7   Thumb Code     0  libshutdown2.o(.ARM.Collect$$libshutdown$$0000000A)
    __rt_lib_shutdown_stdio_1                0x000004c7   Thumb Code     0  libshutdown2.o(.ARM.Collect$$libshutdown$$00000004)
    __rt_lib_shutdown_user_alloc_1           0x000004c7   Thumb Code     0  libshutdown2.o(.ARM.Collect$$libshutdown$$0000000C)
    __rt_entry                               0x000004c9   Thumb Code     0  __rtentry.o(.ARM.Collect$$rtentry$$00000000)
    __rt_entry_presh_1                       0x000004c9   Thumb Code     0  __rtentry2.o(.ARM.Collect$$rtentry$$00000002)
    __rt_entry_sh                            0x000004c9   Thumb Code     0  __rtentry7.o(.ARM.Collect$$rtentry$$00000007)
    __rt_entry_li                            0x000004cd   Thumb Code     0  __rtentry2.o(.ARM.Collect$$rtentry$$0000000A)
    __rt_entry_postsh_1                      0x000004cd   Thumb Code     0  __rtentry2.o(.ARM.Collect$$rtentry$$00000009)
    __rt_entry_main                          0x000004d1   Thumb Code     0  __rtentry2.o(.ARM.Collect$$rtentry$$0000000D)
    __rt_entry_postli_1                      0x000004d1   Thumb Code     0  __rtentry2.o(.ARM.Collect$$rtentry$$0000000C)
    __rt_exit                                0x000004dd   Thumb Code     0  rtexit.o(.ARM.Collect$$rtexit$$00000000)
    __rt_exit_ls                             0x000004df   Thumb Code     0  rtexit2.o(.ARM.Collect$$rtexit$$00000003)
    __rt_exit_prels_1                        0x000004df   Thumb Code     0  rtexit2.o(.ARM.Collect$$rtexit$$00000002)
    __rt_exit_exit                           0x000004e3   Thumb Code     0  rtexit2.o(.ARM.Collect$$rtexit$$00000004)
    __ARM_argv_veneer                        0x000004e9   Thumb Code     4  argv_veneer.o(.emb_text)
    exit                                     0x000004ed   Thumb Code    18  exit.o(.text)
    __I$use$semihosting                      0x000004ff   Thumb Code     0  use_no_semi.o(.text)
    __use_no_semihosting_swi                 0x000004ff   Thumb Code     2  use_no_semi.o(.text)
    __semihosting_library_function           0x00000501   Thumb Code     0  indicate_semi.o(.text)
    _sys_exit                                0x00000501   Thumb Code     8  sys_exit.o(.text)
    __argv_alloc                             0x0000050d   Thumb Code    34  _get_argv_nomalloc.o(.text)
    __ARM_get_argv                           0x0000052f   Thumb Code   268  _get_argv_nomalloc.o(.text)
    _sys_command_string                      0x0000063b   Thumb Code    24  sys_command.o(.text)
    __use_no_heap_region                     0x00000653   Thumb Code     2  hrguard.o(.text)
    __heap_region$guard                      0x00000655   Thumb Code     2  hrguard.o(.text)
    __rt_SIGRTMEM                            0x00000657   Thumb Code    14  defsig_rtmem_outer.o(.text)
    __sig_exit                               0x00000665   Thumb Code    10  defsig_exit.o(.text)
    __rt_SIGRTMEM_inner                      0x00000671   Thumb Code    22  defsig_rtmem_inner.o(.text)
    __default_signal_display                 0x000006c1   Thumb Code    50  defsig_general.o(.text)
    _ttywrch                                 0x000006f3   Thumb Code    14  sys_wrch.o(.text)
    BusFault_Handler                         0x00000701   Thumb Code     4  startup_armcm4.o(.text.Default_Handler)
    DebugMon_Handler                         0x00000701   Thumb Code     4  startup_armcm4.o(.text.Default_Handler)
    Default_Handler                          0x00000701   Thumb Code     4  startup_armcm4.o(.text.Default_Handler)
    Interrupt0_Handler                       0x00000701   Thumb Code     4  startup_armcm4.o(.text.Default_Handler)
    Interrupt1_Handler                       0x00000701   Thumb Code     4  startup_armcm4.o(.text.Default_Handler)
    Interrupt2_Handler                       0x00000701   Thumb Code     4  startup_armcm4.o(.text.Default_Handler)
    Interrupt3_Handler                       0x00000701   Thumb Code     4  startup_armcm4.o(.text.Default_Handler)
    Interrupt4_Handler                       0x00000701   Thumb Code     4  startup_armcm4.o(.text.Default_Handler)
    Interrupt5_Handler                       0x00000701   Thumb Code     4  startup_armcm4.o(.text.Default_Handler)
    Interrupt6_Handler                       0x00000701   Thumb Code     4  startup_armcm4.o(.text.Default_Handler)
    Interrupt7_Handler                       0x00000701   Thumb Code     4  startup_armcm4.o(.text.Default_Handler)
    Interrupt8_Handler                       0x00000701   Thumb Code     4  startup_armcm4.o(.text.Default_Handler)
    Interrupt9_Handler                       0x00000701   Thumb Code     4  startup_armcm4.o(.text.Default_Handler)
    MemManage_Handler                        0x00000701   Thumb Code     4  startup_armcm4.o(.text.Default_Handler)
    NMI_Handler                              0x00000701   Thumb Code     4  startup_armcm4.o(.text.Default_Handler)
    PendSV_Handler                           0x00000701   Thumb Code     4  startup_armcm4.o(.text.Default_Handler)
    SVC_Handler                              0x00000701   Thumb Code     4  startup_armcm4.o(.text.Default_Handler)
    SysTick_Handler                          0x00000701   Thumb Code     4  startup_armcm4.o(.text.Default_Handler)
    UsageFault_Handler                       0x00000701   Thumb Code     4  startup_armcm4.o(.text.Default_Handler)
    HardFault_Handler                        0x00000705   Thumb Code     4  startup_armcm4.o(.text.HardFault_Handler)
    Reset_Handler                            0x00000709   Thumb Code     8  startup_armcm4.o(.text.Reset_Handler)
    SystemInit                               0x00000711   Thumb Code    54  system_armcm4.o(.text.SystemInit)
    module10_bonusCalculator                 0x00000749   Thumb Code   144  module10_bonuscalculator.o(module10Main)
    module11_paySlip                         0x000007e9   Thumb Code   260  module11_payslip.o(module11Main)
    module1_structGenerator                  0x00000d4d   Thumb Code   154  module1_structgenerator.o(module1Main)
    module2_attendanceData                   0x00000e25   Thumb Code   110  module2_attendancedata.o(module2Main)
    module3_leaveManagement                  0x00000ead   Thumb Code    78  module3_leavemanagement.o(module3Main)
    module4_overtimeCalculation              0x00000f09   Thumb Code    98  module4_overtimecalculation.o(module4Main)
    module5_allowanceProcessor               0x00000f79   Thumb Code   132  module5_allowanceprocessor.o(module5Main)
    module6_taxComputation                   0x00001009   Thumb Code   168  module6_taxcomputation.o(module6Main)
    module7_netSalary                        0x000010c1   Thumb Code   106  module7_netsalary.o(module7Main)
    module8_sortStruct                       0x00001139   Thumb Code   168  module8_sortstruct.o(module8Main)
    module9_departmentalSalary               0x000011f1   Thumb Code    80  module9_departmentalsalary.o(module9Main)
    main                                     0x00001251   Thumb Code     0  main.o(payRollSysMain)
    _fp_init                                 0x0000127f   Thumb Code    26  fpinit.o(x$fpl$fpinit)
    __fplib_config_fpu_vfp                   0x00001297   Thumb Code     0  fpinit.o(x$fpl$fpinit)
    __fplib_config_pureend_doubles           0x00001297   Thumb Code     0  fpinit.o(x$fpl$fpinit)
    Region$$Table$$Base                      0x00001298   Number         0  anon$$obj.o(Region$$Table)
    Region$$Table$$Limit                     0x000012b8   Number         0  anon$$obj.o(Region$$Table)
    SystemCoreClock                          0x20000000   Data           4  system_armcm4.o(.data.SystemCoreClock)
    struct_base                              0x20010000   Data           4  data.o(payRollSysData)
    struct_num                               0x20010004   Data           4  data.o(payRollSysData)
    struct_size                              0x20010008   Data           4  data.o(payRollSysData)
    emp_id                                   0x2001000c   Data          28  data.o(payRollSysData)
    name_ptr                                 0x200100b4   Data          28  data.o(payRollSysData)
    salary                                   0x200100d0   Data          28  data.o(payRollSysData)
    grade                                    0x200100ec   Data           7  data.o(payRollSysData)
    dept_code                                0x200100f3   Data           7  data.o(payRollSysData)
    account                                  0x200100fc   Data          28  data.o(payRollSysData)
    attptr_base                              0x20010118   Data           4  data.o(payRollSysData)
    attptr_size                              0x2001011c   Data           4  data.o(payRollSysData)
    link_att                                 0x200101fc   Data          28  data.o(payRollSysData)
    allow_base                               0x20010218   Data           4  data.o(payRollSysData)
    allow_size                               0x2001021c   Data           4  data.o(payRollSysData)
    payroll                                  0x200102c8   Data          28  data.o(payRollSysData)
    overtime                                 0x200102e4   Data           7  data.o(payRollSysData)
    sort_base                                0x200102ec   Data           4  data.o(payRollSysData)
    d_summary                                0x200102f0   Data          12  data.o(payRollSysData)
    perform                                  0x200102fc   Data          28  data.o(payRollSysData)
    slip_ptr                                 0x20010e2c   Data         180  data.o(payRollSysData)
    str_dum                                  0x20010ee0   Data          63  data.o(payRollSysData)
    int_dum                                  0x20010f1f   Data          63  data.o(payRollSysData)
    nl                                       0x20010f5e   Data           2  data.o(payRollSysData)
    dept_name                                0x20010f6c   Data          12  data.o(payRollSysData)
    ITM                                      0x20010f78   Data           4  data.o(payRollSysData)
    Image$$ARM_LIB_HEAP$$ZI$$Base            0x20010f80   Number         0  anon$$obj.o ABSOLUTE
    Image$$ARM_LIB_HEAP$$ZI$$Limit           0x20011b80   Number         0  anon$$obj.o ABSOLUTE
    Image$$ARM_LIB_STACK$$ZI$$Limit          0x20040000   Number         0  anon$$obj.o ABSOLUTE



==============================================================================

Memory Map of the image

  Image entry point : Not specified.

  Load Region LR_ROM (Base: 0x00000000, Size: 0x00002238, Max: 0x00080000, ABSOLUTE, COMPRESSED[0x000016fc])

    Execution Region ER_ROM (Exec base: 0x00000000, Load base: 0x00000000, Size: 0x000012b8, Max: 0x00080000, ABSOLUTE)

    Exec Addr    Load Addr    Size         Type   Attr      Idx    E Section Name        Object

    0x00000000   0x00000000   0x000003c0   Data   RO           60    RESET               startup_armcm4.o
    0x000003c0   0x000003c0   0x00000008   Code   RO           81  * !!!main             c_w.l(__main.o)
    0x000003c8   0x000003c8   0x0000005c   Code   RO          261    !!!scatter          c_w.l(__scatter.o)
    0x00000424   0x00000424   0x00000064   Code   RO          259    !!dclz77c           c_w.l(__dclz77c.o)
    0x00000488   0x00000488   0x0000001a   Code   RO          265    !!handler_copy      c_w.l(__scatter_copy.o)
    0x000004a2   0x000004a2   0x00000002   PAD
    0x000004a4   0x000004a4   0x00000002   Code   RO          262    !!handler_null      c_w.l(__scatter.o)
    0x000004a6   0x000004a6   0x00000002   Code   RO          113    .ARM.Collect$$libinit$$00000000  c_w.l(libinit.o)
    0x000004a8   0x000004a8   0x00000004   Code   RO          123    .ARM.Collect$$libinit$$00000001  c_w.l(libinit2.o)
    0x000004ac   0x000004ac   0x00000000   Code   RO          126    .ARM.Collect$$libinit$$00000004  c_w.l(libinit2.o)
    0x000004ac   0x000004ac   0x00000000   Code   RO          128    .ARM.Collect$$libinit$$00000006  c_w.l(libinit2.o)
    0x000004ac   0x000004ac   0x00000000   Code   RO          131    .ARM.Collect$$libinit$$0000000C  c_w.l(libinit2.o)
    0x000004ac   0x000004ac   0x00000000   Code   RO          133    .ARM.Collect$$libinit$$0000000E  c_w.l(libinit2.o)
    0x000004ac   0x000004ac   0x00000000   Code   RO          135    .ARM.Collect$$libinit$$00000010  c_w.l(libinit2.o)
    0x000004ac   0x000004ac   0x00000000   Code   RO          138    .ARM.Collect$$libinit$$00000013  c_w.l(libinit2.o)
    0x000004ac   0x000004ac   0x00000000   Code   RO          140    .ARM.Collect$$libinit$$00000015  c_w.l(libinit2.o)
    0x000004ac   0x000004ac   0x00000000   Code   RO          142    .ARM.Collect$$libinit$$00000017  c_w.l(libinit2.o)
    0x000004ac   0x000004ac   0x00000000   Code   RO          144    .ARM.Collect$$libinit$$00000019  c_w.l(libinit2.o)
    0x000004ac   0x000004ac   0x00000000   Code   RO          146    .ARM.Collect$$libinit$$0000001B  c_w.l(libinit2.o)
    0x000004ac   0x000004ac   0x00000000   Code   RO          148    .ARM.Collect$$libinit$$0000001D  c_w.l(libinit2.o)
    0x000004ac   0x000004ac   0x00000000   Code   RO          150    .ARM.Collect$$libinit$$0000001F  c_w.l(libinit2.o)
    0x000004ac   0x000004ac   0x00000000   Code   RO          152    .ARM.Collect$$libinit$$00000021  c_w.l(libinit2.o)
    0x000004ac   0x000004ac   0x00000000   Code   RO          154    .ARM.Collect$$libinit$$00000023  c_w.l(libinit2.o)
    0x000004ac   0x000004ac   0x00000000   Code   RO          156    .ARM.Collect$$libinit$$00000025  c_w.l(libinit2.o)
    0x000004ac   0x000004ac   0x00000000   Code   RO          158    .ARM.Collect$$libinit$$00000027  c_w.l(libinit2.o)
    0x000004ac   0x000004ac   0x0000000c   Code   RO          172    .ARM.Collect$$libinit$$0000002C  c_w.l(libinit5.o)
    0x000004b8   0x000004b8   0x00000000   Code   RO          164    .ARM.Collect$$libinit$$00000030  c_w.l(libinit2.o)
    0x000004b8   0x000004b8   0x00000000   Code   RO          166    .ARM.Collect$$libinit$$00000032  c_w.l(libinit2.o)
    0x000004b8   0x000004b8   0x00000000   Code   RO          168    .ARM.Collect$$libinit$$00000034  c_w.l(libinit2.o)
    0x000004b8   0x000004b8   0x00000002   Code   RO          169    .ARM.Collect$$libinit$$00000035  c_w.l(libinit2.o)
    0x000004ba   0x000004ba   0x00000002   PAD
    0x000004bc   0x000004bc   0x00000008   Code   RO          173    .ARM.Collect$$libinit$$0000273D  c_w.l(libinit5.o)
    0x000004c4   0x000004c4   0x00000002   Code   RO          198    .ARM.Collect$$libshutdown$$00000000  c_w.l(libshutdown.o)
    0x000004c6   0x000004c6   0x00000000   Code   RO          210    .ARM.Collect$$libshutdown$$00000002  c_w.l(libshutdown2.o)
    0x000004c6   0x000004c6   0x00000000   Code   RO          212    .ARM.Collect$$libshutdown$$00000004  c_w.l(libshutdown2.o)
    0x000004c6   0x000004c6   0x00000000   Code   RO          215    .ARM.Collect$$libshutdown$$00000007  c_w.l(libshutdown2.o)
    0x000004c6   0x000004c6   0x00000000   Code   RO          218    .ARM.Collect$$libshutdown$$0000000A  c_w.l(libshutdown2.o)
    0x000004c6   0x000004c6   0x00000000   Code   RO          220    .ARM.Collect$$libshutdown$$0000000C  c_w.l(libshutdown2.o)
    0x000004c6   0x000004c6   0x00000000   Code   RO          223    .ARM.Collect$$libshutdown$$0000000F  c_w.l(libshutdown2.o)
    0x000004c6   0x000004c6   0x00000002   Code   RO          224    .ARM.Collect$$libshutdown$$00000010  c_w.l(libshutdown2.o)
    0x000004c8   0x000004c8   0x00000000   Code   RO           83    .ARM.Collect$$rtentry$$00000000  c_w.l(__rtentry.o)
    0x000004c8   0x000004c8   0x00000000   Code   RO           85    .ARM.Collect$$rtentry$$00000002  c_w.l(__rtentry2.o)
    0x000004c8   0x000004c8   0x00000004   Code   RO           99    .ARM.Collect$$rtentry$$00000007  c_w.l(__rtentry7.o)
    0x000004cc   0x000004cc   0x00000000   Code   RO           87    .ARM.Collect$$rtentry$$00000009  c_w.l(__rtentry2.o)
    0x000004cc   0x000004cc   0x00000004   Code   RO           88    .ARM.Collect$$rtentry$$0000000A  c_w.l(__rtentry2.o)
    0x000004d0   0x000004d0   0x00000000   Code   RO           90    .ARM.Collect$$rtentry$$0000000C  c_w.l(__rtentry2.o)
    0x000004d0   0x000004d0   0x00000008   Code   RO           91    .ARM.Collect$$rtentry$$0000000D  c_w.l(__rtentry2.o)
    0x000004d8   0x000004d8   0x00000004   Code   RO          100    .ARM.Collect$$rtentry$$00002718  c_w.l(__rtentry7.o)
    0x000004dc   0x000004dc   0x00000002   Code   RO          121    .ARM.Collect$$rtexit$$00000000  c_w.l(rtexit.o)
    0x000004de   0x000004de   0x00000000   Code   RO          178    .ARM.Collect$$rtexit$$00000002  c_w.l(rtexit2.o)
    0x000004de   0x000004de   0x00000004   Code   RO          179    .ARM.Collect$$rtexit$$00000003  c_w.l(rtexit2.o)
    0x000004e2   0x000004e2   0x00000006   Code   RO          180    .ARM.Collect$$rtexit$$00000004  c_w.l(rtexit2.o)
    0x000004e8   0x000004e8   0x00000004   Code   RO          184    .emb_text           c_w.l(argv_veneer.o)
    0x000004ec   0x000004ec   0x00000012   Code   RO          106    .text               c_w.l(exit.o)
    0x000004fe   0x000004fe   0x00000002   Code   RO          174    .text               c_w.l(use_no_semi.o)
    0x00000500   0x00000500   0x00000000   Code   RO          176    .text               c_w.l(indicate_semi.o)
    0x00000500   0x00000500   0x0000000c   Code   RO          188    .text               c_w.l(sys_exit.o)
    0x0000050c   0x0000050c   0x0000012e   Code   RO          194    .text               c_w.l(_get_argv_nomalloc.o)
    0x0000063a   0x0000063a   0x00000018   Code   RO          199    .text               c_w.l(sys_command.o)
    0x00000652   0x00000652   0x00000004   Code   RO          203    .text               c_w.l(hrguard.o)
    0x00000656   0x00000656   0x0000000e   Code   RO          205    .text               c_w.l(defsig_rtmem_outer.o)
    0x00000664   0x00000664   0x0000000a   Code   RO          227    .text               c_w.l(defsig_exit.o)
    0x0000066e   0x0000066e   0x00000002   PAD
    0x00000670   0x00000670   0x00000050   Code   RO          229    .text               c_w.l(defsig_rtmem_inner.o)
    0x000006c0   0x000006c0   0x00000032   Code   RO          233    .text               c_w.l(defsig_general.o)
    0x000006f2   0x000006f2   0x0000000e   Code   RO          235    .text               c_w.l(sys_wrch.o)
    0x00000700   0x00000700   0x00000004   Code   RO           54    .text.Default_Handler  startup_armcm4.o
    0x00000704   0x00000704   0x00000004   Code   RO           58    .text.HardFault_Handler  startup_armcm4.o
    0x00000708   0x00000708   0x00000008   Code   RO           56    .text.Reset_Handler  startup_armcm4.o
    0x00000710   0x00000710   0x00000036   Code   RO           70    .text.SystemInit    system_armcm4.o
    0x00000746   0x00000746   0x00000002   PAD
    0x00000748   0x00000748   0x000000a0   Code   RO           45    module10Main        module10_bonuscalculator.o
    0x000007e8   0x000007e8   0x00000564   Code   RO           49    module11Main        module11_payslip.o
    0x00000d4c   0x00000d4c   0x000000d8   Code   RO            9    module1Main         module1_structgenerator.o
    0x00000e24   0x00000e24   0x00000088   Code   RO           13    module2Main         module2_attendancedata.o
    0x00000eac   0x00000eac   0x0000005c   Code   RO           17    module3Main         module3_leavemanagement.o
    0x00000f08   0x00000f08   0x00000070   Code   RO           21    module4Main         module4_overtimecalculation.o
    0x00000f78   0x00000f78   0x00000090   Code   RO           25    module5Main         module5_allowanceprocessor.o
    0x00001008   0x00001008   0x000000b8   Code   RO           29    module6Main         module6_taxcomputation.o
    0x000010c0   0x000010c0   0x00000078   Code   RO           33    module7Main         module7_netsalary.o
    0x00001138   0x00001138   0x000000b8   Code   RO           37    module8Main         module8_sortstruct.o
    0x000011f0   0x000011f0   0x00000060   Code   RO           41    module9Main         module9_departmentalsalary.o
    0x00001250   0x00001250   0x0000002e   Code   RO            3  * payRollSysMain      main.o
    0x0000127e   0x0000127e   0x0000001a   Code   RO          186    x$fpl$fpinit        fz_wm.l(fpinit.o)
    0x00001298   0x00001298   0x00000020   Data   RO          258    Region$$Table       anon$$obj.o


    Execution Region RW_NOINIT (Exec base: 0x20000000, Load base: 0x000012b8, Size: 0x00000000, Max: 0x0003f200, ABSOLUTE, UNINIT)

    **** No section assigned to this execution region ****


    Execution Region RW_RAM (Exec base: 0x20000000, Load base: 0x000012b8, Size: 0x00000004, Max: 0x0003f200, ABSOLUTE)

    Exec Addr    Load Addr    Size         Type   Attr      Idx    E Section Name        Object

    0x20000000   0x000012b8   0x00000004   Data   RW           72    .data.SystemCoreClock  system_armcm4.o


    Execution Region RW_DATA (Exec base: 0x20010000, Load base: 0x000012bc, Size: 0x00000f7c, Max: 0x00010000, ABSOLUTE, COMPRESSED[0x00000440])

    Exec Addr    Load Addr    Size         Type   Attr      Idx    E Section Name        Object

    0x20010000   COMPRESSED   0x00000f7c   Data   RW            8    payRollSysData      data.o


    Execution Region ARM_LIB_HEAP (Exec base: 0x20010f80, Load base: 0x000016fc, Size: 0x00000c00, Max: 0x00000c00, ABSOLUTE)

    Exec Addr    Load Addr    Size         Type   Attr      Idx    E Section Name        Object

    0x20010f80        -       0x00000c00   Zero   RW            1    ARM_LIB_HEAP.bss    anon$$obj.o


    Execution Region ARM_LIB_STACK (Exec base: 0x2003fe00, Load base: 0x000016fc, Size: 0x00000200, Max: 0x00000200, ABSOLUTE)

    Exec Addr    Load Addr    Size         Type   Attr      Idx    E Section Name        Object

    0x2003fe00        -       0x00000200   Zero   RW            2    ARM_LIB_STACK.bss   anon$$obj.o


==============================================================================

Image component sizes


      Code (inc. data)   RO Data    RW Data    ZI Data      Debug   Object Name

         0          0          0       3964          0          0   data.o
        46          0          0          0          0        228   main.o
       160         16          0          0          0        424   module10_bonuscalculator.o
      1380         48          0          0          0        824   module11_payslip.o
       216         62          0          0          0        428   module1_structgenerator.o
       136         26          0          0          0        404   module2_attendancedata.o
        92         14          0          0          0        400   module3_leavemanagement.o
       112         14          0          0          0        416   module4_overtimecalculation.o
       144         12          0          0          0        424   module5_allowanceprocessor.o
       184         16          0          0          0        424   module6_taxcomputation.o
       120         14          0          0          0        384   module7_netsalary.o
       184         16          0          0          0        412   module8_sortstruct.o
        96         16          0          0          0        408   module9_departmentalsalary.o
        16          0        960          0          0        855   startup_armcm4.o
        54          0          0          4          0       1491   system_armcm4.o

    ----------------------------------------------------------------------
      2942        254        992       3968       3584       7522   Object Totals
         0          0         32          0       3584          0   (incl. Generated)
         2          0          0          0          0          0   (incl. Padding)

    ----------------------------------------------------------------------

      Code (inc. data)   RO Data    RW Data    ZI Data      Debug   Library Member Name

       100          0          0          0          0          0   __dclz77c.o
         8          0          0          0          0         68   __main.o
         0          0          0          0          0          0   __rtentry.o
        12          0          0          0          0          0   __rtentry2.o
         8          4          0          0          0          0   __rtentry7.o
        94          8          0          0          0          0   __scatter.o
        26          0          0          0          0          0   __scatter_copy.o
       302          0          0          0          0        168   _get_argv_nomalloc.o
         4          0          0          0          0         68   argv_veneer.o
        10          0          0          0          0         68   defsig_exit.o
        50          0          0          0          0         88   defsig_general.o
        80         58          0          0          0         76   defsig_rtmem_inner.o
        14          0          0          0          0         80   defsig_rtmem_outer.o
        18          0          0          0          0         80   exit.o
         4          0          0          0          0        136   hrguard.o
         0          0          0          0          0          0   indicate_semi.o
         2          0          0          0          0          0   libinit.o
         6          0          0          0          0          0   libinit2.o
        20          8          0          0          0          0   libinit5.o
         2          0          0          0          0          0   libshutdown.o
         2          0          0          0          0          0   libshutdown2.o
         2          0          0          0          0          0   rtexit.o
        10          0          0          0          0          0   rtexit2.o
        24          0          0          0          0         76   sys_command.o
        12          4          0          0          0         68   sys_exit.o
        14          0          0          0          0         76   sys_wrch.o
         2          0          0          0          0         68   use_no_semi.o
        26          0          0          0          0        116   fpinit.o

    ----------------------------------------------------------------------
       858         82          0          0          0       1236   Library Totals
         6          0          0          0          0          0   (incl. Padding)

    ----------------------------------------------------------------------

      Code (inc. data)   RO Data    RW Data    ZI Data      Debug   Library Name

       826         82          0          0          0       1120   c_w.l
        26          0          0          0          0        116   fz_wm.l

    ----------------------------------------------------------------------
       858         82          0          0          0       1236   Library Totals

    ----------------------------------------------------------------------

==============================================================================


      Code (inc. data)   RO Data    RW Data    ZI Data      Debug   

      3800        336        992       3968       3584       7338   Grand Totals
      3800        336        992       1092       3584       7338   ELF Image Totals (compressed)
      3800        336        992       1092          0          0   ROM Totals

==============================================================================

    Total RO  Size (Code + RO Data)                 4792 (   4.68kB)
    Total RW  Size (RW Data + ZI Data)              7552 (   7.38kB)
    Total ROM Size (Code + RO Data + RW Data)       5884 (   5.75kB)

==============================================================================

